20:45:34 **** Incremental Build of configuration Debug for project task48Cplus ****
make -j12 all 
arm-none-eabi-gcc "../Core/Src/Communication.c" -mcpu=cortex-m4 -std=gnu11 -g3 -DDEBUG -DUSE_HAL_DRIVER -DSTM32L476xx -c -I../Core/Inc -I../Drivers/STM32L4xx_HAL_Driver/Inc -I../Drivers/STM32L4xx_HAL_Driver/Inc/Legacy -I../Drivers/CMSIS/Device/ST/STM32L4xx/Include -I../Drivers/CMSIS/Include -O0 -ffunction-sections -fdata-sections -Wall -fstack-usage -MMD -MP -MF"Core/Src/Communication.d" -MT"Core/Src/Communication.o" --specs=nano.specs -mfpu=fpv4-sp-d16 -mfloat-abi=hard -mthumb -o "Core/Src/Communication.o"
arm-none-eabi-g++ -o "task48Cplus.elf" @"objects.list"   -mcpu=cortex-m4 -T"C:\Users\student\STM32CubeIDE\workspace_1.9.0\task48Cplus\STM32L476RGTX_FLASH.ld" --specs=nosys.specs -Wl,-Map="task48Cplus.map" -Wl,--gc-sections -static --specs=nano.specs -mfpu=fpv4-sp-d16 -mfloat-abi=hard -mthumb -Wl,--start-group -lc -lm -lstdc++ -lsupc++ -Wl,--end-group
Finished building target: task48Cplus.elf
 
arm-none-eabi-size   task48Cplus.elf 
arm-none-eabi-objdump -h -S  task48Cplus.elf  > "task48Cplus.list"
   text	   data	    bss	    dec	    hex	filename
  18748	    124	   1824	  20696	   50d8	task48Cplus.elf
Finished building: default.size.stdout
 
Finished building: task48Cplus.list
 
