18:28:22 **** Build of configuration Debug for project pwmbuzzer ****
make -j12 all 
arm-none-eabi-gcc "../Core/Src/main.c" -mcpu=cortex-m4 -std=gnu11 -g3 -DDEBUG -DUSE_HAL_DRIVER -DSTM32L476xx -c -I../Core/Inc -I../Drivers/STM32L4xx_HAL_Driver/Inc -I../Drivers/STM32L4xx_HAL_Driver/Inc/Legacy -I../Drivers/CMSIS/Device/ST/STM32L4xx/Include -I../Drivers/CMSIS/Include -O0 -ffunction-sections -fdata-sections -Wall -fstack-usage -MMD -MP -MF"Core/Src/main.d" -MT"Core/Src/main.o" --specs=nano.specs -mfpu=fpv4-sp-d16 -mfloat-abi=hard -mthumb -o "Core/Src/main.o"
arm-none-eabi-gcc -o "pwmbuzzer.elf" @"objects.list"   -mcpu=cortex-m4 -T"C:\Users\student\STM32CubeIDE\workspace_1.9.0\pwmbuzzer\STM32L476RGTX_FLASH.ld" --specs=nosys.specs -Wl,-Map="pwmbuzzer.map" -Wl,--gc-sections -static --specs=nano.specs -mfpu=fpv4-sp-d16 -mfloat-abi=hard -mthumb -Wl,--start-group -lc -lm -Wl,--end-group
Finished building target: pwmbuzzer.elf
 
arm-none-eabi-size   pwmbuzzer.elf 
arm-none-eabi-objdump -h -S  pwmbuzzer.elf  > "pwmbuzzer.list"
   text	   data	    bss	    dec	    hex	filename
  20496	    212	   1860	  22568	   5828	pwmbuzzer.elf
Finished building: default.size.stdout
 
Finished building: pwmbuzzer.list
 

18:28:24 Build Finished. 0 errors, 0 warnings. (took 1s.402ms)

